GPU 0: NVIDIA GeForce RTX 5090 (UUID: GPU-2fed994b-a980-b179-44c5-01a5bcbf39d7)
[INFO] updating repos to latest origin
Already on 'develop'
Your branch is up to date with 'origin/develop'.
Already up to date.
Already on 'dev'
Your branch is up to date with 'origin/dev'.
Already up to date.
[SKIP] cartpole-direct-mujoco-s42-r1 (already done)
[SKIP] cartpole-direct-mujoco-adaptive-s42-r1 (already done)
[SKIP] cartpole-mujoco-s42-r1 (already done)
[SKIP] cartpole-mujoco-adaptive-s42-r1 (already done)
[SKIP] reach-ur10-mujoco-s42-r1 (already done)
[SKIP] reach-ur10-mujoco-adaptive-s42-r1 (already done)
[SKIP] ant-direct-mujoco-s42-r1 (already done)
[SKIP] ant-direct-mujoco-adaptive-s42-r1 (already done)
[SKIP] ant-mujoco-s42-r1 (already done)
[SKIP] ant-mujoco-adaptive-s42-r1 (already done)
[SKIP] humanoid-direct-mujoco-s42-r1 (already done)
[SKIP] humanoid-direct-mujoco-adaptive-s42-r1 (already done)
[SKIP] humanoid-mujoco-s42-r1 (already done)
[SKIP] humanoid-mujoco-adaptive-s42-r1 (already done)
[SKIP] velocity-flat-anymald-mujoco-s42-r1 (already done)
[SKIP] velocity-flat-anymald-mujoco-adaptive-s42-r1 (already done)
[SKIP] velocity-flat-anymalb-mujoco-s42-r1 (already done)
[SKIP] velocity-flat-anymalb-mujoco-adaptive-s42-r1 (already done)
[SKIP] velocity-flat-anymalc-mujoco-s42-r1 (already done)
[SKIP] velocity-flat-anymalc-mujoco-adaptive-s42-r1 (already done)
[SKIP] velocity-flat-unitreea1-mujoco-s42-r1 (already done)
[SKIP] velocity-flat-unitreea1-mujoco-adaptive-s42-r1 (already done)
[SKIP] velocity-flat-unitreego1-mujoco-s42-r1 (already done)
[SKIP] velocity-flat-unitreego1-mujoco-adaptive-s42-r1 (already done)
[SKIP] velocity-flat-unitreego2-mujoco-s42-r1 (already done)
[SKIP] velocity-flat-unitreego2-mujoco-adaptive-s42-r1 (already done)
[SKIP] velocity-flat-g1-mujoco-s42-r1 (already done)
[SKIP] velocity-flat-g1-mujoco-adaptive-s42-r1 (already done)
[SKIP] velocity-flat-h1-mujoco-s42-r1 (already done)
[SKIP] velocity-flat-h1-mujoco-adaptive-s42-r1 (already done)
[LATER] reorient-cube-allegro-direct-mujoco-s42-r1 (deferred to end pass)
[LATER] reorient-cube-allegro-direct-mujoco-adaptive-s42-r1 (deferred to end pass)
[LATER] lift-kukaallegro-mujoco-s42-r1 (deferred to end pass)
[LATER] lift-kukaallegro-mujoco-adaptive-s42-r1 (deferred to end pass)
[SKIP] cartpole-direct-mujoco-s43-r1 (already done)
[SKIP] cartpole-direct-mujoco-adaptive-s43-r1 (already done)
[SKIP] cartpole-mujoco-s43-r1 (already done)
[SKIP] cartpole-mujoco-adaptive-s43-r1 (already done)
[SKIP] reach-ur10-mujoco-s43-r1 (already done)
[SKIP] reach-ur10-mujoco-adaptive-s43-r1 (already done)
[SKIP] ant-direct-mujoco-s43-r1 (already done)
[SKIP] ant-direct-mujoco-adaptive-s43-r1 (already done)
[SKIP] ant-mujoco-s43-r1 (already done)
[SKIP] ant-mujoco-adaptive-s43-r1 (already done)
[SKIP] humanoid-direct-mujoco-s43-r1 (already done)
[SKIP] humanoid-direct-mujoco-adaptive-s43-r1 (already done)
[SKIP] humanoid-mujoco-s43-r1 (already done)
[SKIP] humanoid-mujoco-adaptive-s43-r1 (already done)
[SKIP] velocity-flat-anymald-mujoco-s43-r1 (already done)
[SKIP] velocity-flat-anymald-mujoco-adaptive-s43-r1 (already done)
[SKIP] velocity-flat-anymalb-mujoco-s43-r1 (already done)
[SKIP] velocity-flat-anymalb-mujoco-adaptive-s43-r1 (already done)
[SKIP] velocity-flat-anymalc-mujoco-s43-r1 (already done)
[SKIP] velocity-flat-anymalc-mujoco-adaptive-s43-r1 (already done)
[SKIP] velocity-flat-unitreea1-mujoco-s43-r1 (already done)
[SKIP] velocity-flat-unitreea1-mujoco-adaptive-s43-r1 (already done)
[SKIP] velocity-flat-unitreego1-mujoco-s43-r1 (already done)
[SKIP] velocity-flat-unitreego1-mujoco-adaptive-s43-r1 (already done)
[SKIP] velocity-flat-unitreego2-mujoco-s43-r1 (already done)
[SKIP] velocity-flat-unitreego2-mujoco-adaptive-s43-r1 (already done)
[SKIP] velocity-flat-g1-mujoco-s43-r1 (already done)
[SKIP] velocity-flat-g1-mujoco-adaptive-s43-r1 (already done)
[SKIP] velocity-flat-h1-mujoco-s43-r1 (already done)
[SKIP] velocity-flat-h1-mujoco-adaptive-s43-r1 (already done)
[LATER] reorient-cube-allegro-direct-mujoco-s43-r1 (deferred to end pass)
[LATER] reorient-cube-allegro-direct-mujoco-adaptive-s43-r1 (deferred to end pass)
[LATER] lift-kukaallegro-mujoco-s43-r1 (deferred to end pass)
[LATER] lift-kukaallegro-mujoco-adaptive-s43-r1 (deferred to end pass)
[SKIP] cartpole-direct-mujoco-s44-r1 (already done)
[SKIP] cartpole-direct-mujoco-adaptive-s44-r1 (already done)
[SKIP] cartpole-mujoco-s44-r1 (already done)
[SKIP] cartpole-mujoco-adaptive-s44-r1 (already done)
[SKIP] reach-ur10-mujoco-s44-r1 (already done)
[SKIP] reach-ur10-mujoco-adaptive-s44-r1 (already done)
[SKIP] ant-direct-mujoco-s44-r1 (already done)
[SKIP] ant-direct-mujoco-adaptive-s44-r1 (already done)
[SKIP] ant-mujoco-s44-r1 (already done)
[SKIP] ant-mujoco-adaptive-s44-r1 (already done)
[SKIP] humanoid-direct-mujoco-s44-r1 (already done)
[SKIP] humanoid-direct-mujoco-adaptive-s44-r1 (already done)
[SKIP] humanoid-mujoco-s44-r1 (already done)
[SKIP] humanoid-mujoco-adaptive-s44-r1 (already done)
[SKIP] velocity-flat-anymald-mujoco-s44-r1 (already done)
[SKIP] velocity-flat-anymald-mujoco-adaptive-s44-r1 (already done)
[SKIP] velocity-flat-anymalb-mujoco-s44-r1 (already done)
[SKIP] velocity-flat-anymalb-mujoco-adaptive-s44-r1 (already done)
[SKIP] velocity-flat-anymalc-mujoco-s44-r1 (already done)
[SKIP] velocity-flat-anymalc-mujoco-adaptive-s44-r1 (already done)
[SKIP] velocity-flat-unitreea1-mujoco-s44-r1 (already done)
[SKIP] velocity-flat-unitreea1-mujoco-adaptive-s44-r1 (already done)
[SKIP] velocity-flat-unitreego1-mujoco-s44-r1 (already done)
[SKIP] velocity-flat-unitreego1-mujoco-adaptive-s44-r1 (already done)
[SKIP] velocity-flat-unitreego2-mujoco-s44-r1 (already done)
[SKIP] velocity-flat-unitreego2-mujoco-adaptive-s44-r1 (already done)
[SKIP] velocity-flat-g1-mujoco-s44-r1 (already done)
[SKIP] velocity-flat-g1-mujoco-adaptive-s44-r1 (already done)
[SKIP] velocity-flat-h1-mujoco-s44-r1 (already done)
[SKIP] velocity-flat-h1-mujoco-adaptive-s44-r1 (already done)
[LATER] reorient-cube-allegro-direct-mujoco-s44-r1 (deferred to end pass)
[LATER] reorient-cube-allegro-direct-mujoco-adaptive-s44-r1 (deferred to end pass)
[LATER] lift-kukaallegro-mujoco-s44-r1 (deferred to end pass)
[LATER] lift-kukaallegro-mujoco-adaptive-s44-r1 (deferred to end pass)
[SKIP] cartpole-direct-mujoco-s45-r1 (already done)
[SKIP] cartpole-direct-mujoco-adaptive-s45-r1 (already done)
[SKIP] cartpole-mujoco-s45-r1 (already done)
[SKIP] cartpole-mujoco-adaptive-s45-r1 (already done)
[SKIP] reach-ur10-mujoco-s45-r1 (already done)
[SKIP] reach-ur10-mujoco-adaptive-s45-r1 (already done)
[SKIP] ant-direct-mujoco-s45-r1 (already done)
[SKIP] ant-direct-mujoco-adaptive-s45-r1 (already done)
[SKIP] ant-mujoco-s45-r1 (already done)
[SKIP] ant-mujoco-adaptive-s45-r1 (already done)
[SKIP] humanoid-direct-mujoco-s45-r1 (already done)
[SKIP] humanoid-direct-mujoco-adaptive-s45-r1 (already done)
[SKIP] humanoid-mujoco-s45-r1 (already done)
[SKIP] humanoid-mujoco-adaptive-s45-r1 (already done)
[SKIP] velocity-flat-anymald-mujoco-s45-r1 (already done)
[SKIP] velocity-flat-anymald-mujoco-adaptive-s45-r1 (already done)
[SKIP] velocity-flat-anymalb-mujoco-s45-r1 (already done)
[SKIP] velocity-flat-anymalb-mujoco-adaptive-s45-r1 (already done)
[SKIP] velocity-flat-anymalc-mujoco-s45-r1 (already done)
[SKIP] velocity-flat-anymalc-mujoco-adaptive-s45-r1 (already done)
[SKIP] velocity-flat-unitreea1-mujoco-s45-r1 (already done)
[SKIP] velocity-flat-unitreea1-mujoco-adaptive-s45-r1 (already done)
[SKIP] velocity-flat-unitreego1-mujoco-s45-r1 (already done)
[SKIP] velocity-flat-unitreego1-mujoco-adaptive-s45-r1 (already done)
[SKIP] velocity-flat-unitreego2-mujoco-s45-r1 (already done)
[SKIP] velocity-flat-unitreego2-mujoco-adaptive-s45-r1 (already done)
[SKIP] velocity-flat-g1-mujoco-s45-r1 (already done)
[SKIP] velocity-flat-g1-mujoco-adaptive-s45-r1 (already done)
[SKIP] velocity-flat-h1-mujoco-s45-r1 (already done)
[SKIP] velocity-flat-h1-mujoco-adaptive-s45-r1 (already done)
[LATER] reorient-cube-allegro-direct-mujoco-s45-r1 (deferred to end pass)
[LATER] reorient-cube-allegro-direct-mujoco-adaptive-s45-r1 (deferred to end pass)
[LATER] lift-kukaallegro-mujoco-s45-r1 (deferred to end pass)
[LATER] lift-kukaallegro-mujoco-adaptive-s45-r1 (deferred to end pass)
[SKIP] cartpole-direct-mujoco-s46-r1 (already done)
[SKIP] cartpole-direct-mujoco-adaptive-s46-r1 (already done)
[SKIP] cartpole-mujoco-s46-r1 (already done)
[SKIP] cartpole-mujoco-adaptive-s46-r1 (already done)
[SKIP] reach-ur10-mujoco-s46-r1 (already done)
[SKIP] reach-ur10-mujoco-adaptive-s46-r1 (already done)
[SKIP] ant-direct-mujoco-s46-r1 (already done)
[SKIP] ant-direct-mujoco-adaptive-s46-r1 (already done)
[SKIP] ant-mujoco-s46-r1 (already done)
[SKIP] ant-mujoco-adaptive-s46-r1 (already done)
[SKIP] humanoid-direct-mujoco-s46-r1 (already done)
[SKIP] humanoid-direct-mujoco-adaptive-s46-r1 (already done)
[SKIP] humanoid-mujoco-s46-r1 (already done)
[SKIP] humanoid-mujoco-adaptive-s46-r1 (already done)
[SKIP] velocity-flat-anymald-mujoco-s46-r1 (already done)
[SKIP] velocity-flat-anymald-mujoco-adaptive-s46-r1 (already done)
[SKIP] velocity-flat-anymalb-mujoco-s46-r1 (already done)
[SKIP] velocity-flat-anymalb-mujoco-adaptive-s46-r1 (already done)
[SKIP] velocity-flat-anymalc-mujoco-s46-r1 (already done)
[SKIP] velocity-flat-anymalc-mujoco-adaptive-s46-r1 (already done)
[SKIP] velocity-flat-unitreea1-mujoco-s46-r1 (already done)
[SKIP] velocity-flat-unitreea1-mujoco-adaptive-s46-r1 (already done)
[SKIP] velocity-flat-unitreego1-mujoco-s46-r1 (already done)
[SKIP] velocity-flat-unitreego1-mujoco-adaptive-s46-r1 (already done)
[SKIP] velocity-flat-unitreego2-mujoco-s46-r1 (already done)
[SKIP] velocity-flat-unitreego2-mujoco-adaptive-s46-r1 (already done)
[SKIP] velocity-flat-g1-mujoco-s46-r1 (already done)
[SKIP] velocity-flat-g1-mujoco-adaptive-s46-r1 (already done)
[SKIP] velocity-flat-h1-mujoco-s46-r1 (already done)
[SKIP] velocity-flat-h1-mujoco-adaptive-s46-r1 (already done)
[LATER] reorient-cube-allegro-direct-mujoco-s46-r1 (deferred to end pass)
[LATER] reorient-cube-allegro-direct-mujoco-adaptive-s46-r1 (deferred to end pass)
[LATER] lift-kukaallegro-mujoco-s46-r1 (deferred to end pass)
[LATER] lift-kukaallegro-mujoco-adaptive-s46-r1 (deferred to end pass)

==== end pass: deferred tasks ====
[RUN ] 2026-07-21_17:21:29 reorient-cube-allegro-direct-mujoco-s42-r1
[PASS] reorient-cube-allegro-direct-mujoco-s42-r1 (174m)
[RUN ] 2026-07-21_20:15:46 reorient-cube-allegro-direct-mujoco-adaptive-s42-r1
